01-20 11:11:37.161 20291-20291/com.tencent.wework I/AbsAsyncTaskManager:  |AbsAsyncTaskManager.run check time out... req size:|1|AbsAsyncTaskManager
     |AbsAsyncTaskManager.run reqList is empty, died|AbsAsyncTaskManager
01-20 11:11:37.468 20291-22204/com.tencent.wework D/RequestLocationEngine:  |RequestLocationEngine.onStatusUpdate|gps|3|gps available|RequestLocationEngine
01-20 11:11:38.183 20291-20291/com.tencent.wework I/RequestLocationEngine:  |RequestLocationEngine.onLocationChanged1 |0|OK|TencentLocation:(accuracy:15.0 latlng:39.994545, 116.478232 direction:0.0)|GCJ02|RequestLocationEngine
01-20 11:11:38.184 20291-20291/com.tencent.wework I/AttendanceFragment:outside 237193341:  |AttendanceFragment.onLocationChanged|fakeReason|0|AttendanceFragment:outside 237193341
01-20 11:11:38.184 20291-20291/com.tencent.wework I/LocationDataItem:  |LocationListManager.newInstanceWithLocalPOI|getAccuracy|15.0|getAddress||getAltitude|0.0|getAreaStat|0|getBearing|0.0|getCity|北京市|getCityCode|110105|getCoordinateType|1|getDirection|0.0|getDistrict|朝阳区|getLatitude|39.994545|getLongitude|116.478232|getName||getNation|中国|getProvider|network|getSpeed|0.0|getStreet|望京街|getStreetNo||getTown|望京街道|getVillage|Unknown|LocationDataItem
01-20 11:11:38.185 20291-20291/com.tencent.wework I/AttendanceFragment:outside 237193341:  |AttendanceFragment.onLocationResult2|errorCode:|0|reason:|OK|useNetFix:|false|acc:|15.0|src:||LocationDataItem: (name: 望京街 address: 北京市北京市朝阳区望京街 province: 北京市 city: 北京市 lat: 39.994545 lng: 116.478232 acc: 15.0 zoom: 15.0 dst: 0.0 fakereason: 0 uid: 10179592981442898355 catalog: 房产小区:产业园区)|AttendanceFragment:outside 237193341
01-20 11:11:38.186 20291-20291/com.tencent.wework I/AttendanceFragment:outside 237193341:  |AttendanceFragment.onLocationResult2.onNewInstance|LocationDataItem: (name: 望京街 address: 北京市北京市朝阳区望京街 province: 北京市 city: 北京市 lat: 39.994545 lng: 116.478232 acc: 15.0 zoom: 15.0 dst: 0.0 fakereason: 0 uid: 10179592981442898355 catalog: 房产小区:产业园区)|AttendanceFragment:outside 237193341
01-20 11:11:38.186 20291-20291/com.tencent.wework D/offlinePbLogKV:  |offlinePbLogKV iLogId: |78503101| itemName: |Checkin_Locate_suc| value: |1| id: |1688853527649344|offlinePbLogKV
01-20 11:11:38.186 20291-20291/com.tencent.wework I/AttendanceFragment:outside 237193341:  |AttendanceFragment.onLocationResult_Outside|AttendanceFragment:outside 237193341
01-20 11:11:38.186 20291-20291/com.tencent.wework I/Attendances:  |Attendances.convert|RamdonCheckLocationItem={ title=望京街 detail=北京市北京市朝阳区望京街 lat=39994545 lng=116478232}|Attendances
01-20 11:11:38.187 20291-20291/com.tencent.wework W/wework: [20291:0120/11:11:38.187:W:com_tencent_wework_foundation_logic_AttendanceService.cpp(1203)] nativeGetOutsideCheckinLocation
    [20291:0120/11:11:38.187:W:com_tencent_wework_foundation_logic_AttendanceService.cpp(1211)] nativeGetOutsideCheckinLocation parse ret:1
01-20 11:11:38.188 20291-20291/com.tencent.wework W/wework: [20291:0120/11:11:38.188:W:com_tencent_wework_foundation_logic_AttendanceService.cpp(1221)] nativeGetOutsideCheckinLocation callback invoked
    [20291:0120/11:11:38.188:W:attendance_service_core.cpp(625)] getRamdonLocationInfoByNewLatLgn:
01-20 11:11:38.188 20291-20291/com.tencent.wework I/AttendanceFragment:outside 237193341:  |AttendanceFragment.onLocationResult_Outside|send message MSG_CALLBACK_NOT_INVOKED_WITH_1_SEC_WAIT|1002|AttendanceFragment:outside 237193341
01-20 11:11:38.189 20291-20291/com.tencent.wework I/AttendanceFragment:work_1 50987971:  |AttendanceFragment.onLocationChanged|fakeReason|0|AttendanceFragment:work_1 50987971
01-20 11:11:38.189 20291-20291/com.tencent.wework I/LocationDataItem:  |LocationListManager.newInstanceWithLocalPOI|getAccuracy|15.0|getAddress||getAltitude|0.0|getAreaStat|0|getBearing|0.0|getCity|北京市|getCityCode|110105|getCoordinateType|1|getDirection|0.0|getDistrict|朝阳区|getLatitude|39.994545|getLongitude|116.478232|getName||getNation|中国|getProvider|network|getSpeed|0.0|getStreet|望京街|getStreetNo||getTown|望京街道|getVillage|Unknown|LocationDataItem
01-20 11:11:38.190 20291-20291/com.tencent.wework I/AttendanceFragment:work_1 50987971:  |AttendanceFragment.onLocationResult2|errorCode:|0|reason:|OK|useNetFix:|false|acc:|15.0|src:||LocationDataItem: (name: 望京街 address: 北京市北京市朝阳区望京街 province: 北京市 city: 北京市 lat: 39.994545 lng: 116.478232 acc: 15.0 zoom: 15.0 dst: 0.0 fakereason: 0 uid: 10179592981442898355 catalog: 房产小区:产业园区)|AttendanceFragment:work_1 50987971
     |AttendanceFragment.onLocationResult2.onNewInstance|LocationDataItem: (name: 望京街 address: 北京市北京市朝阳区望京街 province: 北京市 city: 北京市 lat: 39.994545 lng: 116.478232 acc: 15.0 zoom: 15.0 dst: 0.0 fakereason: 0 uid: 10179592981442898355 catalog: 房产小区:产业园区)|AttendanceFragment:work_1 50987971
01-20 11:11:38.190 20291-20291/com.tencent.wework D/offlinePbLogKV:  |offlinePbLogKV iLogId: |78503101| itemName: |Checkin_Locate_suc| value: |1| id: |1688853527649344|offlinePbLogKV
01-20 11:11:38.191 20291-20291/com.tencent.wework I/AttendanceFragment:work_1 50987971:  |AttendanceFragment.onLocationResult_Duty|param|LocationDataItem: (name: 望京街 address: 北京市北京市朝阳区望京街 province: 北京市 city: 北京市 lat: 39.994545 lng: 116.478232 acc: 15.0 zoom: 15.0 dst: 0.0 fakereason: 0 uid: 10179592981442898355 catalog: 房产小区:产业园区)|AttendanceFragment:work_1 50987971
01-20 11:11:38.192 20291-20291/com.tencent.wework I/AttendanceFragment:work_1 50987971:  |AttendanceFragment.logCurrentLocationAssign|onLocationResult_Duty|LocationDataItem: (name: 望京街 address: 北京市北京市朝阳区望京街 province: 北京市 city: 北京市 lat: 39.994545 lng: 116.478232 acc: 15.0 zoom: 15.0 dst: 0.0 fakereason: 0 uid: 10179592981442898355 catalog: 房产小区:产业园区)|AttendanceFragment:work_1 50987971
     |AttendanceFragment.tryStartCheckException|reason:|onLocationResult|AttendanceFragment:work_1 50987971
     |AttendanceFragment.tryStartCheckException|recentCheckExceptionTimeDelta|2035|mode|1|currentCheckInType|1|isPrepared|true|isCheckInFinishedJustNow|false|isConfigCorpPosition|true|isConfigCorpWifi|false|isLocateSuccess|true|AttendanceFragment:work_1 50987971
     |AttendanceFragment.updateMapView|AttendanceFragment:work_1 50987971
     |AttendanceFragment.updateMapView|LocationDataItem: (name: 望京街 address: 北京市北京市朝阳区望京街 province: 北京市 city: 北京市 lat: 39.994545 lng: 116.478232 acc: 15.0 zoom: 15.0 dst: 0.0 fakereason: 0 uid: 10179592981442898355 catalog: 房产小区:产业园区)|AttendanceFragment:work_1 50987971
     |AttendanceFragment.updateView|isRequestingLocation:|false|creating:|false|checking:|false|AttendanceFragment:work_1 50987971
01-20 11:11:38.195 20291-20291/com.tencent.wework V/AttendanceCheckinButtonView__devLog:  |updateView_checkInBtnCoverBg same skip!|AttendanceCheckinButtonView__devLog
01-20 11:11:38.195 20291-20291/com.tencent.wework V/FastView__devLog:  |FastView.setText skip|11|11|FastView__devLog
     |FastView.setText skip|11|11|FastView__devLog
01-20 11:11:38.195 20291-20291/com.tencent.wework D/AttendanceCheckinButtonView:  |getNormalDutyCheckinBtnText:上班人脸打卡|AttendanceCheckinButtonView
01-20 11:11:38.195 20291-20291/com.tencent.wework V/FastView__devLog:  |FastView.setText skip|上班人脸打卡|上班人脸打卡|FastView__devLog
01-20 11:11:38.196 20291-20291/com.tencent.wework I/AttendanceFragment:work_1 50987971:  |ViewHolder.getAddressTitleIconShowWhat|22|3|AttendanceFragment:work_1 50987971
     |ViewHolder.getAddressTitleIconShowWhat|result|3|AttendanceFragment:work_1 50987971
01-20 11:11:38.199 20291-20291/com.tencent.wework I/AttendanceFragment:outside 237193341:  |AttendanceFragment.onLocationResult_Outside callback|RamdonCheckLocationResult={ item=RamdonCheckLocationItem={ title=望京街 detail=北京市北京市朝阳区望京街 lat=39994545 lng=116478232} locationSourceType=0 mainTitleDistance=0.0}|AttendanceFragment:outside 237193341
     |AttendanceFragment.logCurrentLocationAssign|getOutsideCheckinLocation 1|LocationDataItem: (name: 望京街 address: 北京市北京市朝阳区望京街 province:  city:  lat: 39.994545 lng: 116.478232 acc: 30.0 zoom: 15.0 dst: 0.0 fakereason: 0 uid:  catalog: )|AttendanceFragment:outside 237193341
     |AttendanceFragment.onLocationResult_Outside|remove message MSG_CALLBACK_NOT_INVOKED_WITH_1_SEC_WAIT|1002|AttendanceFragment:outside 237193341
01-20 11:11:38.199 20291-20852/com.tencent.wework D/PermissionUtil:  |checkNoPermitPermissions com.tencent.wework.launch.WwApplicationLike@9bb51a1 [android.permission.READ_EXTERNAL_STORAGE, android.permission.WRITE_EXTERNAL_STORAGE]|PermissionUtil
01-20 11:11:38.199 20291-20291/com.tencent.wework I/AttendanceFragment:outside 237193341:  |AttendanceFragment.updateMapView|AttendanceFragment:outside 237193341
     |AttendanceFragment.updateMapView|LocationDataItem: (name: 望京街 address: 北京市北京市朝阳区望京街 province:  city:  lat: 39.994545 lng: 116.478232 acc: 30.0 zoom: 15.0 dst: 0.0 fakereason: 0 uid:  catalog: )|AttendanceFragment:outside 237193341
01-20 11:11:38.200 20291-20291/com.tencent.wework I/AttendanceFragment:outside 237193341:  |AttendanceFragment.updateView|isRequestingLocation:|false|creating:|false|checking:|false|AttendanceFragment:outside 237193341
01-20 11:11:38.201 20291-20291/com.tencent.wework V/AttendanceCheckinButtonView__devLog:  |updateView_checkInBtnCoverBg same skip!|AttendanceCheckinButtonView__devLog
01-20 11:11:38.201 20291-20291/com.tencent.wework V/FastView__devLog:  |FastView.setText skip|11|11|FastView__devLog
     |FastView.setText skip|11|11|FastView__devLog
     |FastView.setText skip|第1次人脸打卡|第1次人脸打卡|FastView__devLog
01-20 11:11:38.202 20291-20291/com.tencent.wework I/AttendanceFragment:outside 237193341:  |ViewHolder.getAddressTitleIconShowWhat|2|4|AttendanceFragment:outside 237193341
     |ViewHolder.getAddressTitleIconShowWhat|result|4|AttendanceFragment:outside 237193341
01-20 11:11:38.202 20291-20291/com.tencent.wework D/AccountApiImpl:  |getLoginUserHeadUrl(): ||AccountApiImpl
     |updateWxInfo()...|AccountApiImpl
01-20 11:11:38.204 20291-20291/com.tencent.wework D/pstn:  |onTPFEvent|wework.login.event|15|0|0|avatar: "https://wx.qlogo.cn/mmhead/kwicrZmgsRZSCdrBcbzMGLoXbDc7pXWC226kpAC7SpJ4/0"
    nickname: "Ruo~"
    sex: 1
    unionid: ""
    wx_id_hash: ""
    |pstn
01-20 11:11:38.204 20291-20291/com.tencent.wework D/AbstractVoipSdkApi:  |onTPFEvent topic: |wework.login.event| msgCode: |15|AbstractVoipSdkApi
01-20 11:11:38.204 20291-20291/com.tencent.wework D/WwMainActivity:  |WwMainActivity onTPFEvent topic:|wework.login.event| msgCode: |15|0|WwMainActivity
01-20 11:11:38.205 20291-20291/com.tencent.wework D/ContactListFragment:  |onTPFEvent()|wework.login.event|15|阿里巴巴|ContactListFragment
01-20 11:11:38.205 20291-20291/com.tencent.wework D/AccountApiImpl:  |getWxNickPhotoUrl(): |https://wx.qlogo.cn/mmhead/kwicrZmgsRZSCdrBcbzMGLoXbDc7pXWC226kpAC7SpJ4/0|AccountApiImpl
01-20 11:11:38.205 20291-20291/com.tencent.wework D/ImageWorker__debugLog:  |loadImage imageWork START drawable: |android.graphics.drawable.BitmapDrawable@16b1693| callBack: |fnk@38bfdd2|https://wx.qlogo.cn/mmhead/kwicrZmgsRZSCdrBcbzMGLoXbDc7pXWC226kpAC7SpJ4/132|ImageWorker__debugLog
01-20 11:11:38.470 20291-22204/com.tencent.wework D/RequestLocationEngine:  |RequestLocationEngine.onStatusUpdate|gps|3|gps available|RequestLocationEngine
01-20 11:11:39.456 20291-22204/com.tencent.wework D/RequestLocationEngine:  |RequestLocationEngine.onStatusUpdate|gps|3|gps available|RequestLocationEngine
01-20 11:11:39.738 20291-20291/com.tencent.wework I/AttendanceFragment:work_1 50987971:  |AttendanceFragment.tryStartCheckException|reason:|onTimer|AttendanceFragment:work_1 50987971
01-20 11:11:39.739 20291-20291/com.tencent.wework I/AttendanceFragment:work_1 50987971:  |AttendanceFragment.tryStartCheckException|recentCheckExceptionTimeDelta|3581|mode|1|currentCheckInType|1|isPrepared|true|isCheckInFinishedJustNow|false|isConfigCorpPosition|true|isConfigCorpWifi|false|isLocateSuccess|true|AttendanceFragment:work_1 50987971
     |AttendanceFragment.updateView|isRequestingLocation:|false|creating:|false|checking:|false|AttendanceFragment:work_1 50987971
01-20 11:11:39.740 20291-20291/com.tencent.wework V/AttendanceCheckinButtonView__devLog:  |updateView_checkInBtnCoverBg same skip!|AttendanceCheckinButtonView__devLog
01-20 11:11:39.740 20291-20291/com.tencent.wework V/FastView__devLog:  |FastView.setText skip|11|11|FastView__devLog
     |FastView.setText skip|11|11|FastView__devLog
01-20 11:11:39.740 20291-20291/com.tencent.wework D/AttendanceCheckinButtonView:  |getNormalDutyCheckinBtnText:上班人脸打卡|AttendanceCheckinButtonView
01-20 11:11:39.740 20291-20291/com.tencent.wework V/FastView__devLog:  |FastView.setText skip|上班人脸打卡|上班人脸打卡|FastView__devLog
01-20 11:11:39.741 20291-20291/com.tencent.wework I/AttendanceFragment:work_1 50987971:  |ViewHolder.getAddressTitleIconShowWhat|22|3|AttendanceFragment:work_1 50987971
     |ViewHolder.getAddressTitleIconShowWhat|result|3|AttendanceFragment:work_1 50987971
01-20 11:11:39.742 20291-20291/com.tencent.wework I/AttendanceFragment:outside 237193341:  |AttendanceFragment.tryStartCheckException|reason:|onTimer|AttendanceFragment:outside 237193341
01-20 11:11:39.743 20291-20291/com.tencent.wework I/AttendanceFragment:outside 237193341:  |AttendanceFragment.tryStartCheckException|recentCheckExceptionTimeDelta|1579489899744|mode|2|currentCheckInType|3|isPrepared|true|isCheckInFinishedJustNow|false|isConfigCorpPosition|true|isConfigCorpWifi|false|isLocateSuccess|true|AttendanceFragment:outside 237193341
     |AttendanceFragment.updateView|isRequestingLocation:|false|creating:|false|checking:|false|AttendanceFragment:outside 237193341
01-20 11:11:39.743 20291-20291/com.tencent.wework V/AttendanceCheckinButtonView__devLog:  |updateView_checkInBtnCoverBg same skip!|AttendanceCheckinButtonView__devLog
01-20 11:11:39.743 20291-20291/com.tencent.wework V/FastView__devLog:  |FastView.setText skip|11|11|FastView__devLog
     |FastView.setText skip|11|11|FastView__devLog
01-20 11:11:39.744 20291-20291/com.tencent.wework V/FastView__devLog:  |FastView.setText skip|第1次人脸打卡|第1次人脸打卡|FastView__devLog
01-20 11:11:39.744 20291-20291/com.tencent.wework I/AttendanceFragment:outside 237193341:  |ViewHolder.getAddressTitleIconShowWhat|2|4|AttendanceFragment:outside 237193341
     |ViewHolder.getAddressTitleIconShowWhat|result|4|AttendanceFragment:outside 237193341
01-20 11:11:39.744 20291-20291/com.tencent.wework D/AccountApiImpl:  |getLoginUserHeadUrl(): ||AccountApiImpl
     |updateWxInfo()...|AccountApiImpl
01-20 11:11:39.746 20291-20291/com.tencent.wework D/pstn:  |onTPFEvent|wework.login.event|15|0|0|avatar: "https://wx.qlogo.cn/mmhead/kwicrZmgsRZSCdrBcbzMGLoXbDc7pXWC226kpAC7SpJ4/0"
    nickname: "Ruo~"
    sex: 1
    unionid: ""
    wx_id_hash: ""
    |pstn
01-20 11:11:39.746 20291-20291/com.tencent.wework D/AbstractVoipSdkApi:  |onTPFEvent topic: |wework.login.event| msgCode: |15|AbstractVoipSdkApi
01-20 11:11:39.746 20291-20291/com.tencent.wework D/WwMainActivity:  |WwMainActivity onTPFEvent topic:|wework.login.event| msgCode: |15|0|WwMainActivity
01-20 11:11:39.746 20291-20291/com.tencent.wework D/ContactListFragment:  |onTPFEvent()|wework.login.event|15|阿里巴巴|ContactListFragment
01-20 11:11:39.746 20291-20291/com.tencent.wework D/AccountApiImpl:  |getWxNickPhotoUrl(): |https://wx.qlogo.cn/mmhead/kwicrZmgsRZSCdrBcbzMGLoXbDc7pXWC226kpAC7SpJ4/0|AccountApiImpl
01-20 11:11:39.747 20291-20291/com.tencent.wework D/ImageWorker__debugLog:  |loadImage imageWork START drawable: |android.graphics.drawable.BitmapDrawable@16b1693| callBack: |fnk@38bfdd2|https://wx.qlogo.cn/mmhead/kwicrZmgsRZSCdrBcbzMGLoXbDc7pXWC226kpAC7SpJ4/132|ImageWorker__debugLog
01-20 11:11:40.194 20291-22073/com.tencent.wework E/beacon: null
    null
01-20 11:11:40.200 20291-20291/com.tencent.wework I/RequestLocationEngine:  |RequestLocationEngine.onLocationChanged1 |0|OK|TencentLocation:(accuracy:15.0 latlng:39.994545, 116.478232 direction:0.0)|GCJ02|RequestLocationEngine
01-20 11:11:40.200 20291-20291/com.tencent.wework I/AttendanceFragment:outside 237193341:  |AttendanceFragment.onLocationChanged|fakeReason|0|AttendanceFragment:outside 237193341
01-20 11:11:40.200 20291-20291/com.tencent.wework I/LocationDataItem:  |LocationListManager.newInstanceWithLocalPOI|getAccuracy|15.0|getAddress||getAltitude|0.0|getAreaStat|0|getBearing|0.0|getCity|北京市|getCityCode|110105|getCoordinateType|1|getDirection|0.0|getDistrict|朝阳区|getLatitude|39.994545|getLongitude|116.478232|getName||getNation|中国|getProvider|network|getSpeed|0.0|getStreet|望京街|getStreetNo||getTown|望京街道|getVillage|Unknown|LocationDataItem
01-20 11:11:40.203 20291-20291/com.tencent.wework I/AttendanceFragment:outside 237193341:  |AttendanceFragment.onLocationResult2|errorCode:|0|reason:|OK|useNetFix:|false|acc:|15.0|src:||LocationDataItem: (name: 望京街 address: 北京市北京市朝阳区望京街 province: 北京市 city: 北京市 lat: 39.994545 lng: 116.478232 acc: 15.0 zoom: 15.0 dst: 0.0 fakereason: 0 uid: 10179592981442898355 catalog: 房产小区:产业园区)|AttendanceFragment:outside 237193341
     |AttendanceFragment.onLocationResult2.onNewInstance|LocationDataItem: (name: 望京街 address: 北京市北京市朝阳区望京街 province: 北京市 city: 北京市 lat: 39.994545 lng: 116.478232 acc: 15.0 zoom: 15.0 dst: 0.0 fakereason: 0 uid: 10179592981442898355 catalog: 房产小区:产业园区)|AttendanceFragment:outside 237193341
01-20 11:11:40.203 20291-20291/com.tencent.wework D/offlinePbLogKV:  |offlinePbLogKV iLogId: |78503101| itemName: |Checkin_Locate_suc| value: |1| id: |1688853527649344|offlinePbLogKV
01-20 11:11:40.204 20291-20291/com.tencent.wework I/AttendanceFragment:outside 237193341:  |AttendanceFragment.onLocationResult_Outside|AttendanceFragment:outside 237193341
01-20 11:11:40.204 20291-20291/com.tencent.wework I/Attendances:  |Attendances.convert|RamdonCheckLocationItem={ title=望京街 detail=北京市北京市朝阳区望京街 lat=39994545 lng=116478232}|Attendances
01-20 11:11:40.204 20291-20291/com.tencent.wework W/wework: [20291:0120/11:11:40.204:W:com_tencent_wework_foundation_logic_AttendanceService.cpp(1203)] nativeGetOutsideCheckinLocation
01-20 11:11:40.205 20291-20291/com.tencent.wework W/wework: [20291:0120/11:11:40.205:W:com_tencent_wework_foundation_logic_AttendanceService.cpp(1211)] nativeGetOutsideCheckinLocation parse ret:1
    [20291:0120/11:11:40.205:W:com_tencent_wework_foundation_logic_AttendanceService.cpp(1221)] nativeGetOutsideCheckinLocation callback invoked
01-20 11:11:40.206 20291-20291/com.tencent.wework W/wework: [20291:0120/11:11:40.206:W:attendance_service_core.cpp(625)] getRamdonLocationInfoByNewLatLgn:
01-20 11:11:40.206 20291-20291/com.tencent.wework I/AttendanceFragment:outside 237193341:  |AttendanceFragment.onLocationResult_Outside|send message MSG_CALLBACK_NOT_INVOKED_WITH_1_SEC_WAIT|1002|AttendanceFragment:outside 237193341
01-20 11:11:40.206 20291-20291/com.tencent.wework I/AttendanceFragment:work_1 50987971:  |AttendanceFragment.onLocationChanged|fakeReason|0|AttendanceFragment:work_1 50987971
01-20 11:11:40.208 20291-20291/com.tencent.wework I/LocationDataItem:  |LocationListManager.newInstanceWithLocalPOI|getAccuracy|15.0|getAddress||getAltitude|0.0|getAreaStat|0|getBearing|0.0|getCity|北京市|getCityCode|110105|getCoordinateType|1|getDirection|0.0|getDistrict|朝阳区|getLatitude|39.994545|getLongitude|116.478232|getName||getNation|中国|getProvider|network|getSpeed|0.0|getStreet|望京街|getStreetNo||getTown|望京街道|getVillage|Unknown|LocationDataItem
01-20 11:11:40.209 20291-20291/com.tencent.wework I/AttendanceFragment:work_1 50987971:  |AttendanceFragment.onLocationResult2|errorCode:|0|reason:|OK|useNetFix:|false|acc:|15.0|src:||LocationDataItem: (name: 望京街 address: 北京市北京市朝阳区望京街 province: 北京市 city: 北京市 lat: 39.994545 lng: 116.478232 acc: 15.0 zoom: 15.0 dst: 0.0 fakereason: 0 uid: 10179592981442898355 catalog: 房产小区:产业园区)|AttendanceFragment:work_1 50987971
01-20 11:11:40.210 20291-20291/com.tencent.wework I/AttendanceFragment:work_1 50987971:  |AttendanceFragment.onLocationResult2.onNewInstance|LocationDataItem: (name: 望京街 address: 北京市北京市朝阳区望京街 province: 北京市 city: 北京市 lat: 39.994545 lng: 116.478232 acc: 15.0 zoom: 15.0 dst: 0.0 fakereason: 0 uid: 10179592981442898355 catalog: 房产小区:产业园区)|AttendanceFragment:work_1 50987971
01-20 11:11:40.210 20291-20291/com.tencent.wework D/offlinePbLogKV:  |offlinePbLogKV iLogId: |78503101| itemName: |Checkin_Locate_suc| value: |1| id: |1688853527649344|offlinePbLogKV
01-20 11:11:40.210 20291-20291/com.tencent.wework I/AttendanceFragment:work_1 50987971:  |AttendanceFragment.onLocationResult_Duty|param|LocationDataItem: (name: 望京街 address: 北京市北京市朝阳区望京街 province: 北京市 city: 北京市 lat: 39.994545 lng: 116.478232 acc: 15.0 zoom: 15.0 dst: 0.0 fakereason: 0 uid: 10179592981442898355 catalog: 房产小区:产业园区)|AttendanceFragment:work_1 50987971
01-20 11:11:40.211 20291-20291/com.tencent.wework I/AttendanceFragment:work_1 50987971:  |AttendanceFragment.logCurrentLocationAssign|onLocationResult_Duty|LocationDataItem: (name: 望京街 address: 北京市北京市朝阳区望京街 province: 北京市 city: 北京市 lat: 39.994545 lng: 116.478232 acc: 15.0 zoom: 15.0 dst: 0.0 fakereason: 0 uid: 10179592981442898355 catalog: 房产小区:产业园区)|AttendanceFragment:work_1 50987971
     |AttendanceFragment.tryStartCheckException|reason:|onLocationResult|AttendanceFragment:work_1 50987971
     |AttendanceFragment.tryStartCheckException|recentCheckExceptionTimeDelta|4054|mode|1|currentCheckInType|1|isPrepared|true|isCheckInFinishedJustNow|false|isConfigCorpPosition|true|isConfigCorpWifi|false|isLocateSuccess|true|AttendanceFragment:work_1 50987971
     |AttendanceFragment.updateMapView|AttendanceFragment:work_1 50987971
     |AttendanceFragment.updateMapView|LocationDataItem: (name: 望京街 address: 北京市北京市朝阳区望京街 province: 北京市 city: 北京市 lat: 39.994545 lng: 116.478232 acc: 15.0 zoom: 15.0 dst: 0.0 fakereason: 0 uid: 10179592981442898355 catalog: 房产小区:产业园区)|AttendanceFragment:work_1 50987971
     |AttendanceFragment.updateView|isRequestingLocation:|false|creating:|false|checking:|false|AttendanceFragment:work_1 50987971
01-20 11:11:40.212 20291-20852/com.tencent.wework D/PermissionUtil:  |checkNoPermitPermissions com.tencent.wework.launch.WwApplicationLike@9bb51a1 [android.permission.READ_EXTERNAL_STORAGE, android.permission.WRITE_EXTERNAL_STORAGE]|PermissionUtil
01-20 11:11:40.212 20291-20291/com.tencent.wework V/AttendanceCheckinButtonView__devLog:  |updateView_checkInBtnCoverBg same skip!|AttendanceCheckinButtonView__devLog
01-20 11:11:40.212 20291-20291/com.tencent.wework V/FastView__devLog:  |FastView.setText skip|11|11|FastView__devLog
     |FastView.setText skip|11|11|FastView__devLog
01-20 11:11:40.212 20291-20291/com.tencent.wework D/AttendanceCheckinButtonView:  |getNormalDutyCheckinBtnText:上班人脸打卡|AttendanceCheckinButtonView
01-20 11:11:40.212 20291-20291/com.tencent.wework V/FastView__devLog:  |FastView.setText skip|上班人脸打卡|上班人脸打卡|FastView__devLog
01-20 11:11:40.212 20291-20291/com.tencent.wework I/AttendanceFragment:work_1 50987971:  |ViewHolder.getAddressTitleIconShowWhat|22|3|AttendanceFragment:work_1 50987971
     |ViewHolder.getAddressTitleIconShowWhat|result|3|AttendanceFragment:work_1 50987971
01-20 11:11:40.230 20291-20291/com.tencent.wework I/AttendanceFragment:outside 237193341:  |AttendanceFragment.onLocationResult_Outside callback|RamdonCheckLocationResult={ item=RamdonCheckLocationItem={ title=望京街 detail=北京市北京市朝阳区望京街 lat=39994545 lng=116478232} locationSourceType=0 mainTitleDistance=0.0}|AttendanceFragment:outside 237193341
     |AttendanceFragment.logCurrentLocationAssign|getOutsideCheckinLocation 1|LocationDataItem: (name: 望京街 address: 北京市北京市朝阳区望京街 province:  city:  lat: 39.994545 lng: 116.478232 acc: 30.0 zoom: 15.0 dst: 0.0 fakereason: 0 uid:  catalog: )|AttendanceFragment:outside 237193341
     |AttendanceFragment.onLocationResult_Outside|remove message MSG_CALLBACK_NOT_INVOKED_WITH_1_SEC_WAIT|1002|AttendanceFragment:outside 237193341
     |AttendanceFragment.updateMapView|AttendanceFragment:outside 237193341
01-20 11:11:40.231 20291-20291/com.tencent.wework I/AttendanceFragment:outside 237193341:  |AttendanceFragment.updateMapView|LocationDataItem: (name: 望京街 address: 北京市北京市朝阳区望京街 province:  city:  lat: 39.994545 lng: 116.478232 acc: 30.0 zoom: 15.0 dst: 0.0 fakereason: 0 uid:  catalog: )|AttendanceFragment:outside 237193341
     |AttendanceFragment.updateView|isRequestingLocation:|false|creating:|false|checking:|false|AttendanceFragment:outside 237193341
01-20 11:11:40.232 20291-20291/com.tencent.wework V/AttendanceCheckinButtonView__devLog:  |updateView_checkInBtnCoverBg same skip!|AttendanceCheckinButtonView__devLog
01-20 11:11:40.232 20291-20291/com.tencent.wework V/FastView__devLog:  |FastView.setText skip|11|11|FastView__devLog
     |FastView.setText skip|11|11|FastView__devLog
     |FastView.setText skip|第1次人脸打卡|第1次人脸打卡|FastView__devLog
01-20 11:11:40.232 20291-20291/com.tencent.wework I/AttendanceFragment:outside 237193341:  |ViewHolder.getAddressTitleIconShowWhat|2|4|AttendanceFragment:outside 237193341
     |ViewHolder.getAddressTitleIconShowWhat|result|4|AttendanceFragment:outside 237193341
01-20 11:11:40.233 20291-20291/com.tencent.wework D/AccountApiImpl:  |getLoginUserHeadUrl(): ||AccountApiImpl
     |updateWxInfo()...|AccountApiImpl
01-20 11:11:40.234 20291-20291/com.tencent.wework D/pstn:  |onTPFEvent|wework.login.event|15|0|0|avatar: "https://wx.qlogo.cn/mmhead/kwicrZmgsRZSCdrBcbzMGLoXbDc7pXWC226kpAC7SpJ4/0"
    nickname: "Ruo~"
    sex: 1
    unionid: ""
    wx_id_hash: ""
    |pstn
01-20 11:11:40.235 20291-20291/com.tencent.wework D/AbstractVoipSdkApi:  |onTPFEvent topic: |wework.login.event| msgCode: |15|AbstractVoipSdkApi
01-20 11:11:40.235 20291-20291/com.tencent.wework D/WwMainActivity:  |WwMainActivity onTPFEvent topic:|wework.login.event| msgCode: |15|0|WwMainActivity
01-20 11:11:40.235 20291-20291/com.tencent.wework D/ContactListFragment:  |onTPFEvent()|wework.login.event|15|阿里巴巴|ContactListFragment
01-20 11:11:40.235 20291-20291/com.tencent.wework D/AccountApiImpl:  |getWxNickPhotoUrl(): |https://wx.qlogo.cn/mmhead/kwicrZmgsRZSCdrBcbzMGLoXbDc7pXWC226kpAC7SpJ4/0|AccountApiImpl
01-20 11:11:40.235 20291-20291/com.tencent.wework D/ImageWorker__debugLog:  |loadImage imageWork START drawable: |android.graphics.drawable.BitmapDrawable@16b1693| callBack: |fnk@38bfdd2|https://wx.qlogo.cn/mmhead/kwicrZmgsRZSCdrBcbzMGLoXbDc7pXWC226kpAC7SpJ4/132|ImageWorker__debugLog
01-20 11:11:40.270 20291-22073/com.tencent.wework E/beacon: svr encry failed: 1
01-20 11:11:40.466 20291-22204/com.tencent.wework D/RequestLocationEngine:  |RequestLocationEngine.onStatusUpdate|gps|3|gps available|RequestLocationEngine
01-20 11:11:41.468 20291-22204/com.tencent.wework D/RequestLocationEngine:  |RequestLocationEngine.onStatusUpdate|gps|3|gps available|RequestLocationEngine
01-20 11:11:42.154 20291-20291/com.tencent.wework D/ScreenReceiver:  |screenOff: |false| sInPhonebook: |true|ScreenReceiver
01-20 11:11:42.168 20291-20291/com.tencent.wework W/ActivityLifecycle:  |onActivityPaused|com.tencent.wework.enterprise.attendance.controller.AttendanceActivity2@17f60a1|ActivityLifecycle
01-20 11:11:42.192 20291-20291/com.tencent.wework D/GestureTag:  |isAndroid10Background- onActivityPaused-hasAndroid10ForegroundActivity:true|GestureTag
01-20 11:11:42.192 20291-20291/com.tencent.wework D/MicroMsg.SwipeBackHelper:  |pushCallback size %d, %s|3|djz@a762b29|MicroMsg.SwipeBackHelper
01-20 11:11:42.192 20291-20291/com.tencent.wework I/AttendanceFragment:work_1 50987971:  |AttendanceFragment.onPause|AttendanceFragment:work_1 50987971
01-20 11:11:42.195 20291-20291/com.tencent.wework I/AttendanceFragment:outside 237193341:  |AttendanceFragment.onPause|AttendanceFragment:outside 237193341
01-20 11:11:42.196 20291-20291/com.tencent.wework D/SuperActivity:  |activityOnPause|com.tencent.wework.enterprise.attendance.controller.AttendanceActivity2|SuperActivity
01-20 11:11:42.207 20291-20291/com.tencent.wework W/ActivityLifecycle:  |onActivityStopped|com.tencent.wework.launch.WwMainActivity@9fbc9f1|ActivityLifecycle
01-20 11:11:42.208 20291-20291/com.tencent.wework V/SuperActivity:  |activityOnStop |com.tencent.wework.launch.WwMainActivity|SuperActivity
01-20 11:11:42.216 20291-20291/com.tencent.wework W/ActivityLifecycle:  |onActivityStopped|com.tencent.wework.enterprise.attendance.controller.AttendanceActivity2@17f60a1|ActivityLifecycle
01-20 11:11:42.218 20291-20291/com.tencent.wework I/AttendanceFragment:work_1 50987971:  |AttendanceFragment.onStop|AttendanceFragment:work_1 50987971
01-20 11:11:42.219 20291-20291/com.tencent.wework I/AttendanceFragment:outside 237193341:  |AttendanceFragment.onStop|AttendanceFragment:outside 237193341
01-20 11:11:42.219 20291-20291/com.tencent.wework W/RequestLocationEngine:  |RequestLocationEngine.tryStop|really stop!!|RequestLocationEngine
01-20 11:11:42.238 20291-20291/com.tencent.wework V/SuperActivity:  |activityOnStop |com.tencent.wework.enterprise.attendance.controller.AttendanceActivity2|SuperActivity
01-20 11:11:42.239 20291-20291/com.tencent.wework W/ActivityLifecycle:  |onActivitySaveInstanceState|com.tencent.wework.enterprise.attendance.controller.AttendanceActivity2@17f60a1| hasForegroundActivity=|false|isBackground|false|activity.getTaskId()|66|MainTaskId|66|ActivityLifecycle
01-20 11:11:42.239 20291-20291/com.tencent.wework D/ActivityLifecycle:  |isAndroid10Background = true onActivitySaveInstanceState|ActivityLifecycle
01-20 11:11:42.239 20291-20291/com.tencent.wework W/ActivityLifecycle:  |onEnterBackground|com.tencent.wework.enterprise.attendance.controller.AttendanceActivity2@17f60a1|ActivityLifecycle
01-20 11:11:42.239 20291-20291/com.tencent.wework D/AppStateManager:  |AppStateManager enterBackground |AppStateManager
01-20 11:11:42.241 20291-20291/com.tencent.wework W/wework: [20291:0120/11:11:42.241:W:foreground_timer.h(75)] EnterBackground
01-20 11:11:42.243 20291-20291/com.tencent.wework D/ReportUtil:  |reportPage |c_dn: 1579489902242
    c_do: "com.tencent.wework.msg.controller.CustomCameraActivity"
    c_dp: "com.tencent.wework.enterprise.attendance.controller.AttendanceActivity2_com.tencent.wework.enterprise.attendance.controller.AttendanceMainFragment"
    c_dq: ""
    c_dr: "\346\211\223\345\215\241"
    seq: 19
    type: 1
    | prepageTitle: || currpageTitle: |打卡|ReportUtil
01-20 11:11:42.244 20291-20291/com.tencent.wework W/VoipSdkNull:  |isVoipWorking stub false|VoipSdkNull
01-20 11:11:42.244 20291-20291/com.tencent.wework I/AttendanceFragment:work_1 50987971:  |AttendanceFragment.onSaveInstanceState|AttendanceFragment:work_1 50987971
01-20 11:11:42.245 20291-20291/com.tencent.wework I/AttendanceFragment:work_1 50987971:  |AttendanceFragment.onSaveInstanceState|it works|AttendanceFragment:work_1 50987971
01-20 11:11:42.246 20291-20291/com.tencent.wework I/AttendanceFragment:outside 237193341:  |AttendanceFragment.onSaveInstanceState|AttendanceFragment:outside 237193341
01-20 11:11:42.246 20291-20291/com.tencent.wework I/AttendanceFragment:outside 237193341:  |AttendanceFragment.onSaveInstanceState|it works|AttendanceFragment:outside 237193341
01-20 11:11:42.277 20291-20291/com.tencent.wework D/Tinker.DefaultAppLike: onTrimMemory level:20
01-20 11:11:42.283 20291-20291/com.tencent.wework W/wework: [20291:0120/11:11:42.282:W:homeschool_service.cpp(115)] HomeSchoolService OnAppStateChanged:state:1
    [20291:0120/11:11:42.283:W:customer_service.cpp(343)] OnAppStateChanged:state:1
01-20 11:11:42.285 20291-20291/com.tencent.wework W/wework: [20291:0120/11:11:42.285:W:conversation_service.cpp(13466)] OnAppStateChanged:state:1
01-20 11:11:42.286 20291-20291/com.tencent.wework W/wework: [20291:0120/11:11:42.286:W:new_home_school_service.cpp(76)] [school] HomeSchoolService OnAppStateChanged:state:1
01-20 11:11:42.287 20291-20291/com.tencent.wework W/wework: [20291:0120/11:11:42.287:W:wxtimeline_service.cpp(2464)] OnAppStateChanged:state:1
    [20291:0120/11:11:42.287:W:enterprise_disk_service.cpp(81)]  QyDiskService OnAppStateChanged:state:1
01-20 11:11:42.291 20291-20291/com.tencent.wework D/offlineLogKV__debugLog:  |offlineLogKV iLogId: |78502592| itemName: |http2_task_dur_50_100| value: |3| id: |1688853527649344|offlineLogKV__debugLog
01-20 11:11:42.292 20291-20291/com.tencent.wework D/offlineLogKV__debugLog:  |offlineLogKV iLogId: |78502592| itemName: |http2_task_dur_200_250| value: |1| id: |1688853527649344|offlineLogKV__debugLog
01-20 11:11:42.293 20291-20291/com.tencent.wework D/offlineLogKV__debugLog:  |offlineLogKV iLogId: |78502592| itemName: |http2_task_dur_300_400| value: |1| id: |1688853527649344|offlineLogKV__debugLog
01-20 11:11:42.293 20291-20291/com.tencent.wework W/StatisticsUtil:  |addMiniteErrorReport: |40546|78502592|HTTP2_task_ipv4_succ|1||add_image|0|0|||2.0|0|StatisticsUtil
01-20 11:11:42.294 20291-20291/com.tencent.wework W/StatisticsUtil:  |addMiniteErrorReport: |40546|78502592|HTTP2_task_ipv4_succ|1||get_config_task|0|0|||2.0|0|StatisticsUtil
01-20 11:11:42.295 20291-20291/com.tencent.wework W/StatisticsUtil:  |addMiniteErrorReport: |40546|78502592|HTTP2_task_ipv4_succ|1||get_muta_info|0|0|||2.0|0|StatisticsUtil
01-20 11:11:42.296 20291-20852/com.tencent.wework D/PermissionUtil:  |checkNoPermitPermissions com.tencent.wework.launch.WwApplicationLike@9bb51a1 [android.permission.READ_EXTERNAL_STORAGE, android.permission.WRITE_EXTERNAL_STORAGE]|PermissionUtil
01-20 11:11:42.296 20291-20291/com.tencent.wework W/StatisticsUtil:  |addMiniteErrorReport: |40546|78502592|HTTP2_task_ipv4_succ|1||get_user_info_with_check|0|0|||2.0|0|StatisticsUtil
01-20 11:11:42.297 20291-20291/com.tencent.wework W/StatisticsUtil:  |addMiniteErrorReport: |40546|78502592|HTTP2_task_ipv4_succ|1||report_wake_up|0|0|||2.0|133|StatisticsUtil
01-20 11:11:42.300 20291-20291/com.tencent.wework D/offlineLogKV__debugLog:  |offlineLogKV iLogId: |78502592| itemName: |tcp_task_dur_50_100| value: |52| id: |1688853527649344|offlineLogKV__debugLog
01-20 11:11:42.301 20291-20291/com.tencent.wework D/offlineLogKV__debugLog:  |offlineLogKV iLogId: |78502592| itemName: |tcp_task_dur_100_150| value: |16| id: |1688853527649344|offlineLogKV__debugLog
01-20 11:11:42.302 20291-20291/com.tencent.wework D/offlineLogKV__debugLog:  |offlineLogKV iLogId: |78502592| itemName: |tcp_task_dur_200_250| value: |2| id: |1688853527649344|offlineLogKV__debugLog
01-20 11:11:42.303 20291-20291/com.tencent.wework D/offlineLogKV__debugLog:  |offlineLogKV iLogId: |78502592| itemName: |tcp_task_dur_600_800| value: |1| id: |1688853527649344|offlineLogKV__debugLog
01-20 11:11:42.303 20291-20291/com.tencent.wework W/StatisticsUtil:  |addMiniteErrorReport: |40544|78502592|TCP_task_ipv4_succ|71|||0|0||||0|StatisticsUtil
01-20 11:11:42.395 20291-20310/com.tencent.wework W/System: A resource failed to call destroy. 
01-20 11:11:42.395 20291-20310/com.tencent.wework I/chatty: uid=10451(com.tencent.wework) FinalizerDaemon identical 1 line
01-20 11:11:42.395 20291-20310/com.tencent.wework W/System: A resource failed to call destroy. 
01-20 11:11:42.535 20291-20982/com.tencent.wework E/memtrack: Couldn't load memtrack module
01-20 11:11:42.536 20291-20982/com.tencent.wework W/android.os.Debug: failed to get memory consumption info: -1
01-20 11:11:42.795 20291-20982/com.tencent.wework E/memtrack: Couldn't load memtrack module
01-20 11:11:42.795 20291-20982/com.tencent.wework W/android.os.Debug: failed to get memory consumption info: -1
01-20 11:11:44.734 20291-20291/com.tencent.wework I/AttendanceFragment:work_1 50987971:  |AttendanceFragment.tryStartCheckException|reason:|onTimer|AttendanceFragment:work_1 50987971
01-20 11:11:44.735 20291-20291/com.tencent.wework I/AttendanceFragment:work_1 50987971:  |AttendanceFragment.tryStartCheckException|recentCheckExceptionTimeDelta|8578|mode|1|currentCheckInType|1|isPrepared|true|isCheckInFinishedJustNow|false|isConfigCorpPosition|true|isConfigCorpWifi|false|isLocateSuccess|false|AttendanceFragment:work_1 50987971
     |AttendanceFragment.updateView|isRequestingLocation:|true|creating:|false|checking:|false|AttendanceFragment:work_1 50987971
01-20 11:11:44.736 20291-20291/com.tencent.wework V/AttendanceCheckinButtonView__devLog:  |updateView_checkInBtnCoverBg same skip!|AttendanceCheckinButtonView__devLog
01-20 11:11:44.737 20291-20291/com.tencent.wework V/FastView__devLog:  |FastView.setText skip|11|11|FastView__devLog
     |FastView.setText skip|11|11|FastView__devLog
01-20 11:11:44.737 20291-20291/com.tencent.wework D/AttendanceCheckinButtonView:  |getNormalDutyCheckinBtnText:上班人脸打卡|AttendanceCheckinButtonView
01-20 11:11:44.737 20291-20291/com.tencent.wework V/FastView__devLog:  |FastView.setText skip|上班人脸打卡|上班人脸打卡|FastView__devLog
01-20 11:11:44.737 20291-20291/com.tencent.wework I/AttendanceFragment:work_1 50987971:  |ViewHolder.getAddressTitleIconShowWhat|12|1|AttendanceFragment:work_1 50987971
01-20 11:11:44.738 20291-20291/com.tencent.wework I/AttendanceFragment:work_1 50987971:  |ViewHolder.getAddressTitleIconShowWhat|result|1|AttendanceFragment:work_1 50987971
01-20 11:11:44.739 20291-20291/com.tencent.wework I/AttendanceFragment:work_1 50987971:  |ViewHolder.updateView_addressTitle_locationIcon|show locating|AttendanceFragment:work_1 50987971
01-20 11:11:44.740 20291-20291/com.tencent.wework I/AttendanceFragment:outside 237193341:  |AttendanceFragment.tryStartCheckException|reason:|onTimer|AttendanceFragment:outside 237193341
01-20 11:11:44.741 20291-20291/com.tencent.wework I/AttendanceFragment:outside 237193341:  |AttendanceFragment.tryStartCheckException|recentCheckExceptionTimeDelta|1579489904742|mode|2|currentCheckInType|3|isPrepared|true|isCheckInFinishedJustNow|false|isConfigCorpPosition|true|isConfigCorpWifi|false|isLocateSuccess|false|AttendanceFragment:outside 237193341
     |AttendanceFragment.updateView|isRequestingLocation:|true|creating:|false|checking:|false|AttendanceFragment:outside 237193341
01-20 11:11:44.741 20291-20291/com.tencent.wework V/AttendanceCheckinButtonView__devLog:  |updateView_checkInBtnCoverBg same skip!|AttendanceCheckinButtonView__devLog
01-20 11:11:44.742 20291-20291/com.tencent.wework V/FastView__devLog:  |FastView.setText skip|11|11|FastView__devLog
     |FastView.setText skip|11|11|FastView__devLog
     |FastView.setText skip|第1次人脸打卡|第1次人脸打卡|FastView__devLog
01-20 11:11:44.742 20291-20291/com.tencent.wework I/AttendanceFragment:outside 237193341:  |ViewHolder.getAddressTitleIconShowWhat|1|1|AttendanceFragment:outside 237193341
     |ViewHolder.getAddressTitleIconShowWhat|result|1|AttendanceFragment:outside 237193341
01-20 11:11:44.743 20291-20291/com.tencent.wework I/AttendanceFragment:outside 237193341:  |ViewHolder.updateView_addressTitle_locationIcon|show locating|AttendanceFragment:outside 237193341
01-20 11:11:45.254 20291-20291/com.tencent.wework D/ActivityLifecycle:  |Do handleBackToDeskTop|ActivityLifecycle
01-20 11:11:45.255 20291-20291/com.tencent.wework D/ThreadUtils:  |WWRunnable|18|ThreadUtils
     |WWRunnable|19|ThreadUtils
01-20 11:11:45.255 20291-20725/com.tencent.wework D/ThreadUtils:  |runOnBackground start|com.tencent.wework.statistics.SS$3@com.tencent.wework-pool_thread-1|ThreadUtils
     |runOnBackground end|com.tencent.wework.statistics.SS$3@com.tencent.wework-pool_thread-1|ThreadUtils
     |runOnBackground start|com.tencent.wework.statistics.SS$2@com.tencent.wework-pool_thread-1|ThreadUtils
01-20 11:11:45.256 20291-20880/com.tencent.wework D/OssLogProtocolService:  |report ossLogBaseInfo no while|OssLogProtocolService
01-20 11:11:45.258 20291-20880/com.tencent.wework D/Osslog:  |OsslogRoller rollNext return False, rollNextTm :  1579492800, iNowTm :1579489200|Osslog
01-20 11:11:45.258 20291-20879/com.tencent.wework D/Osslog:  |OsslogRoller rollNext return False, rollNextTm :  1579492800, iNowTm :1579489200|Osslog
01-20 11:11:45.258 20291-20879/com.tencent.wework D/OssLog:  |report readOssLog  no while iRet: |0| logList size: |115|OssLog
01-20 11:11:45.258 20291-20725/com.tencent.wework D/ThreadUtils:  |runOnBackground end|com.tencent.wework.statistics.SS$2@com.tencent.wework-pool_thread-1|ThreadUtils
01-20 11:11:45.259 20291-20880/com.tencent.wework D/OssLogProtocolService:  |report readOssLog  no while iRet: |0| logList size: |98|OssLogProtocolService
01-20 11:11:45.262 20291-20291/com.tencent.wework D/PermissionUtil:  |checkNoPermitPermissions com.tencent.wework.launch.WwApplicationLike@9bb51a1 [android.permission.READ_EXTERNAL_STORAGE, android.permission.WRITE_EXTERNAL_STORAGE]|PermissionUtil
01-20 11:11:45.268 20291-20291/com.tencent.wework I/chatty: uid=10451(com.tencent.wework) identical 2 lines
01-20 11:11:45.276 20291-20291/com.tencent.wework D/PermissionUtil:  |checkNoPermitPermissions com.tencent.wework.launch.WwApplicationLike@9bb51a1 [android.permission.READ_EXTERNAL_STORAGE, android.permission.WRITE_EXTERNAL_STORAGE]|PermissionUtil
01-20 11:11:45.278 20291-20291/com.tencent.wework I/FuliEngine:  |markFuliUseEndTime() |76|FuliEngine
01-20 11:11:45.278 20291-20291/com.tencent.wework W/wework: [20291:0120/11:11:45.278:W:fuli_service.cpp(737)] [JBSMMR]enableCheck, corpJSEnable:0, userJSEnable:1, corpId:1970325001057614
    [20291:0120/11:11:45.278:W:fuli_service.cpp(814)] [FGUSE]Feature Not Enable, clear use data
    [20291:0120/11:11:45.278:W:fuli_service.cpp(591)] [FGUSE]save accu, sec:0, fgVid:1688853527649344
01-20 11:11:45.288 20291-20291/com.tencent.wework I/MicroMsg.SystemStatus:  |System status changed: interactive = false|MicroMsg.SystemStatus
01-20 11:11:45.316 20291-20880/com.tencent.wework V/gyz:  |acquireHttpUtil mCount：1|gyz
01-20 11:11:45.316 20291-20880/com.tencent.wework V/HttpUtil:  |httpUtil begin openConnection url: https://oss.mail.qq.com/cgi-bin/oss_report?inputc=utf-8&outputc=utf-8&func=OssReport&outputf=json| mHttpURLConnection: |com.android.okhttp.internal.huc.HttpURLConnectionImpl:https://oss.mail.qq.com/cgi-bin/oss_report?inputc=utf-8&outputc=utf-8&func=OssReport&outputf=json|HttpUtil
01-20 11:11:45.320 20291-20291/com.tencent.wework D/ScreenReceiver:  |screenOff: |true| sInPhonebook: |false|ScreenReceiver
01-20 11:11:45.321 20291-20879/com.tencent.wework V/gyz:  |acquireHttpUtil mCount：2|gyz
01-20 11:11:45.321 20291-20879/com.tencent.wework V/HttpUtil:  |httpUtil begin openConnection url: https://oss.mail.qq.com/cgi-bin/oss_log?inputc=utf-8&outputc=utf-8&func=OssLog&outputf=json| mHttpURLConnection: |com.android.okhttp.internal.huc.HttpURLConnectionImpl:https://oss.mail.qq.com/cgi-bin/oss_log?inputc=utf-8&outputc=utf-8&func=OssLog&outputf=json|HttpUtil
01-20 11:11:45.325 20291-20291/com.tencent.wework I/VFS.FileSystemManager:  |System idle, trigger maintenance timer for 420 seconds.|VFS.FileSystemManager
01-20 11:11:45.479 20291-20880/com.tencent.wework D/NETFLOW:  |netflow_length|1247|http upload data url: |https://oss.mail.qq.com/cgi-bin/oss_report?inputc=utf-8&outputc=utf-8&func=OssReport&outputf=json|NETFLOW
01-20 11:11:45.483 20291-20879/com.tencent.wework D/NETFLOW:  |netflow_length|1397|http upload data url: |https://oss.mail.qq.com/cgi-bin/oss_log?inputc=utf-8&outputc=utf-8&func=OssLog&outputf=json|NETFLOW
01-20 11:11:45.547 20291-20880/com.tencent.wework D/NETFLOW:  |netflow_length|49|HttpUtil download length :|49| url|https://oss.mail.qq.com/cgi-bin/oss_report?inputc=utf-8&outputc=utf-8&func=OssReport&outputf=json|NETFLOW
     |OssLogPbHttp entity.getContent().available sendlength: |10140|1247| recvlength: |49|0|200|NETFLOW
01-20 11:11:45.547 20291-20880/com.tencent.wework V/gyz:  |releaseHttpUtil mCount：1|gyz
01-20 11:11:45.547 20291-20880/com.tencent.wework D/OssLogProtocolService:  |report OssLogHttpPost end iRet: |0|OssLogProtocolService
01-20 11:11:45.548 20291-20880/com.tencent.wework D/Osslog:  |OssLogHttpPost succ, Cnt:19680|Osslog
01-20 11:11:45.549 20291-20880/com.tencent.wework D/Osslog:  |break point file : /storage/emulated/0/Tencent/WeixinWork/gyoospb/rpos.brk, logtime : 1579489200, read pos : 45861|Osslog
01-20 11:11:45.550 20291-20880/com.tencent.wework E/OssLog:  |SaveBreakPoint Error Ret:0|OssLog
01-20 11:11:45.552 20291-20880/com.tencent.wework D/Osslog:  |OsslogRoller rollNext return False, rollNextTm :  1579492800, iNowTm :1579489200|Osslog
01-20 11:11:45.556 20291-20879/com.tencent.wework D/NETFLOW:  |netflow_length|49|HttpUtil download length :|49| url|https://oss.mail.qq.com/cgi-bin/oss_log?inputc=utf-8&outputc=utf-8&func=OssLog&outputf=json|NETFLOW
     |entity.getContent().available sendlength: |9893|1397| recvlength: |49|0|200|NETFLOW
01-20 11:11:45.556 20291-20879/com.tencent.wework V/gyz:  |releaseHttpUtil mCount：0|gyz
01-20 11:11:45.556 20291-20879/com.tencent.wework D/OssLog:  |report OssLogHttpPost end iRet: |0|OssLog
01-20 11:11:45.557 20291-20879/com.tencent.wework D/Osslog:  |OssLogHttpPost succ, Cnt:7957|Osslog
01-20 11:11:45.563 20291-20879/com.tencent.wework D/Osslog:  |break point file : /storage/emulated/0/Tencent/WeixinWork/gyoos/rpos.brk, logtime : 1579489200, read pos : 58155|Osslog
01-20 11:11:45.565 20291-20879/com.tencent.wework E/OssLog:  |SaveBreakPoint Error Ret:0|OssLog
01-20 11:11:45.566 20291-20879/com.tencent.wework D/Osslog:  |OsslogRoller rollNext return False, rollNextTm :  1579492800, iNowTm :1579489200|Osslog
01-20 11:11:45.566 20291-20879/com.tencent.wework D/OssLog:  |report readOssLog iRet: |1| logList size: |0|OssLog
01-20 11:11:45.566 20291-20879/com.tencent.wework D/Osslog:  |no more oss log read|Osslog
01-20 11:11:47.483 20291-20310/com.tencent.wework W/System: A resource failed to call end. 
    A resource failed to call end. 
01-20 11:11:49.759 20291-20291/com.tencent.wework I/AttendanceFragment:work_1 50987971:  |AttendanceFragment.tryStartCheckException|reason:|onTimer|AttendanceFragment:work_1 50987971
01-20 11:11:49.763 20291-20291/com.tencent.wework I/AttendanceFragment:work_1 50987971:  |AttendanceFragment.tryStartCheckException|recentCheckExceptionTimeDelta|13605|mode|1|currentCheckInType|1|isPrepared|true|isCheckInFinishedJustNow|false|isConfigCorpPosition|true|isConfigCorpWifi|false|isLocateSuccess|false|AttendanceFragment:work_1 50987971
01-20 11:11:49.764 20291-20291/com.tencent.wework I/AttendanceFragment:work_1 50987971:  |AttendanceFragment.updateView|isRequestingLocation:|true|creating:|false|checking:|false|AttendanceFragment:work_1 50987971
01-20 11:11:49.766 20291-20291/com.tencent.wework V/AttendanceCheckinButtonView__devLog:  |updateView_checkInBtnCoverBg same skip!|AttendanceCheckinButtonView__devLog
01-20 11:11:49.766 20291-20291/com.tencent.wework V/FastView__devLog:  |FastView.setText skip|11|11|FastView__devLog
     |FastView.setText skip|11|11|FastView__devLog
01-20 11:11:49.767 20291-20291/com.tencent.wework D/AttendanceCheckinButtonView:  |getNormalDutyCheckinBtnText:上班人脸打卡|AttendanceCheckinButtonView
01-20 11:11:49.768 20291-20291/com.tencent.wework V/FastView__devLog:  |FastView.setText skip|上班人脸打卡|上班人脸打卡|FastView__devLog
01-20 11:11:49.768 20291-20291/com.tencent.wework I/AttendanceFragment:work_1 50987971:  |ViewHolder.getAddressTitleIconShowWhat|12|1|AttendanceFragment:work_1 50987971
01-20 11:11:49.769 20291-20291/com.tencent.wework I/AttendanceFragment:work_1 50987971:  |ViewHolder.getAddressTitleIconShowWhat|result|1|AttendanceFragment:work_1 50987971
01-20 11:11:49.772 20291-20291/com.tencent.wework I/AttendanceFragment:work_1 50987971:  |ViewHolder.updateView_addressTitle_locationIcon|show locating|AttendanceFragment:work_1 50987971
01-20 11:11:49.773 20291-20291/com.tencent.wework I/AttendanceFragment:outside 237193341:  |AttendanceFragment.tryStartCheckException|reason:|onTimer|AttendanceFragment:outside 237193341
     |AttendanceFragment.tryStartCheckException|recentCheckExceptionTimeDelta|1579489909774|mode|2|currentCheckInType|3|isPrepared|true|isCheckInFinishedJustNow|false|isConfigCorpPosition|true|isConfigCorpWifi|false|isLocateSuccess|false|AttendanceFragment:outside 237193341
01-20 11:11:49.774 20291-20291/com.tencent.wework I/AttendanceFragment:outside 237193341:  |AttendanceFragment.updateView|isRequestingLocation:|true|creating:|false|checking:|false|AttendanceFragment:outside 237193341
01-20 11:11:49.774 20291-20291/com.tencent.wework V/AttendanceCheckinButtonView__devLog:  |updateView_checkInBtnCoverBg same skip!|AttendanceCheckinButtonView__devLog
01-20 11:11:49.774 20291-20291/com.tencent.wework V/FastView__devLog:  |FastView.setText skip|11|11|FastView__devLog
     |FastView.setText skip|11|11|FastView__devLog
01-20 11:11:49.775 20291-20291/com.tencent.wework V/FastView__devLog:  |FastView.setText skip|第1次人脸打卡|第1次人脸打卡|FastView__devLog
01-20 11:11:49.775 20291-20291/com.tencent.wework I/AttendanceFragment:outside 237193341:  |ViewHolder.getAddressTitleIconShowWhat|1|1|AttendanceFragment:outside 237193341
     |ViewHolder.getAddressTitleIconShowWhat|result|1|AttendanceFragment:outside 237193341
     |ViewHolder.updateView_addressTitle_locationIcon|show locating|AttendanceFragment:outside 237193341
01-20 11:11:54.746 20291-20291/com.tencent.wework I/AttendanceFragment:work_1 50987971:  |AttendanceFragment.tryStartCheckException|reason:|onTimer|AttendanceFragment:work_1 50987971
01-20 11:11:54.747 20291-20291/com.tencent.wework I/AttendanceFragment:work_1 50987971:  |AttendanceFragment.tryStartCheckException|recentCheckExceptionTimeDelta|18590|mode|1|currentCheckInType|1|isPrepared|true|isCheckInFinishedJustNow|false|isConfigCorpPosition|true|isConfigCorpWifi|false|isLocateSuccess|false|AttendanceFragment:work_1 50987971
     |AttendanceFragment.updateView|isRequestingLocation:|true|creating:|false|checking:|false|AttendanceFragment:work_1 50987971
01-20 11:11:54.748 20291-20291/com.tencent.wework V/AttendanceCheckinButtonView__devLog:  |updateView_checkInBtnCoverBg same skip!|AttendanceCheckinButtonView__devLog
01-20 11:11:54.749 20291-20291/com.tencent.wework V/FastView__devLog:  |FastView.setText skip|11|11|FastView__devLog
     |FastView.setText skip|11|11|FastView__devLog
01-20 11:11:54.749 20291-20291/com.tencent.wework D/AttendanceCheckinButtonView:  |getNormalDutyCheckinBtnText:上班人脸打卡|AttendanceCheckinButtonView
01-20 11:11:54.749 20291-20291/com.tencent.wework V/FastView__devLog:  |FastView.setText skip|上班人脸打卡|上班人脸打卡|FastView__devLog
